============================= test session starts =============================
platform win32 -- Python 3.12.5, pytest-7.4.3, pluggy-1.5.0 -- C:\Program Files\Python312\python.exe
cachedir: .pytest_cache
rootdir: D:\Sweet Shop Managemen  System
configfile: pytest.ini
plugins: anyio-3.7.1, cov-4.1.0, env-1.1.3
collecting ... collected 76 items

tests/test_admin.py::TestAdminCreation::test_create_admin_by_existing_admin PASSED [  1%]
tests/test_admin.py::TestAdminCreation::test_create_admin_without_authentication_fails PASSED [  2%]
tests/test_admin.py::TestAdminCreation::test_create_admin_as_regular_user_fails PASSED [  3%]
tests/test_admin.py::TestAdminOperations::test_admin_can_create_sweets PASSED [  5%]
tests/test_admin.py::TestAdminOperations::test_admin_can_update_sweets PASSED [  6%]
tests/test_admin.py::TestAdminOperations::test_admin_can_delete_sweets PASSED [  7%]
tests/test_admin.py::TestAdminOperations::test_admin_can_restock_sweets PASSED [  9%]
tests/test_admin.py::TestAdminOperations::test_admin_can_purchase_sweets PASSED [ 10%]
tests/test_admin.py::TestAccessControl::test_regular_user_cannot_create_sweets PASSED [ 11%]
tests/test_admin.py::TestAccessControl::test_regular_user_cannot_update_sweets PASSED [ 13%]
tests/test_admin.py::TestAccessControl::test_regular_user_cannot_delete_sweets PASSED [ 14%]
tests/test_admin.py::TestAccessControl::test_regular_user_cannot_restock_sweets PASSED [ 15%]
tests/test_admin.py::TestAccessControl::test_regular_user_can_purchase_sweets PASSED [ 17%]
tests/test_admin.py::TestAccessControl::test_regular_user_can_view_sweets PASSED [ 18%]
tests/test_admin.py::TestAccessControl::test_unauthenticated_user_can_view_sweets PASSED [ 19%]
tests/test_auth.py::TestUserRegistration::test_register_new_user_success PASSED [ 21%]
tests/test_auth.py::TestUserRegistration::test_register_duplicate_username PASSED [ 22%]
tests/test_auth.py::TestUserRegistration::test_register_duplicate_email PASSED [ 23%]
tests/test_auth.py::TestUserRegistration::test_register_invalid_email PASSED [ 25%]
tests/test_auth.py::TestUserRegistration::test_register_missing_fields PASSED [ 26%]
tests/test_auth.py::TestUserLogin::test_login_success PASSED             [ 27%]
tests/test_auth.py::TestUserLogin::test_login_wrong_password PASSED      [ 28%]
tests/test_auth.py::TestUserLogin::test_login_nonexistent_user PASSED    [ 30%]
tests/test_auth.py::TestUserLogin::test_login_missing_credentials PASSED [ 31%]
tests/test_auth.py::TestTokenAuthentication::test_access_protected_endpoint_with_valid_token PASSED [ 32%]
tests/test_auth.py::TestTokenAuthentication::test_access_protected_endpoint_without_token PASSED [ 34%]
tests/test_auth.py::TestTokenAuthentication::test_access_protected_endpoint_with_invalid_token PASSED [ 35%]
tests/test_auth.py::TestTokenAuthentication::test_oauth2_token_endpoint PASSED [ 36%]
tests/test_auth.py::TestAdminAuthentication::test_admin_login_success PASSED [ 38%]
tests/test_auth.py::TestAdminAuthentication::test_regular_user_cannot_access_admin_endpoints PASSED [ 39%]
tests/test_inventory.py::TestPurchase::test_purchase_sweet_success PASSED [ 40%]
tests/test_inventory.py::TestPurchase::test_purchase_reduces_stock PASSED [ 42%]
tests/test_inventory.py::TestPurchase::test_purchase_insufficient_stock PASSED [ 43%]
tests/test_inventory.py::TestPurchase::test_purchase_out_of_stock_sweet PASSED [ 44%]
tests/test_inventory.py::TestPurchase::test_purchase_without_authentication PASSED [ 46%]
tests/test_inventory.py::TestPurchase::test_purchase_nonexistent_sweet PASSED [ 47%]
tests/test_inventory.py::TestPurchase::test_purchase_invalid_quantity_zero PASSED [ 48%]
tests/test_inventory.py::TestPurchase::test_purchase_invalid_quantity_negative PASSED [ 50%]
tests/test_inventory.py::TestPurchase::test_multiple_purchases_same_sweet PASSED [ 51%]
tests/test_inventory.py::TestRestock::test_restock_sweet_as_admin PASSED [ 52%]
tests/test_inventory.py::TestRestock::test_restock_increases_stock PASSED [ 53%]
tests/test_inventory.py::TestRestock::test_restock_as_regular_user_fails PASSED [ 55%]
tests/test_inventory.py::TestRestock::test_restock_out_of_stock_sweet PASSED [ 56%]
tests/test_inventory.py::TestRestock::test_restock_without_authentication PASSED [ 57%]
tests/test_inventory.py::TestRestock::test_restock_nonexistent_sweet PASSED [ 59%]
tests/test_inventory.py::TestRestock::test_restock_invalid_quantity_zero PASSED [ 60%]
tests/test_inventory.py::TestRestock::test_restock_invalid_quantity_negative PASSED [ 61%]
tests/test_inventory.py::TestInventoryWorkflow::test_purchase_and_restock_cycle PASSED [ 63%]
tests/test_inventory.py::TestInventoryWorkflow::test_transaction_records_user_info PASSED [ 64%]
tests/test_sweets.py::TestSweetCreation::test_create_sweet_as_admin PASSED [ 65%]
tests/test_sweets.py::TestSweetCreation::test_create_sweet_as_regular_user_fails PASSED [ 67%]
tests/test_sweets.py::TestSweetCreation::test_create_duplicate_sweet_name_fails PASSED [ 68%]
tests/test_sweets.py::TestSweetCreation::test_create_sweet_without_authentication_fails PASSED [ 69%]
tests/test_sweets.py::TestSweetCreation::test_create_sweet_with_invalid_data PASSED [ 71%]
tests/test_sweets.py::TestSweetRetrieval::test_get_all_sweets PASSED     [ 72%]
tests/test_sweets.py::TestSweetRetrieval::test_get_sweet_by_id PASSED    [ 73%]
tests/test_sweets.py::TestSweetRetrieval::test_get_nonexistent_sweet PASSED [ 75%]
tests/test_sweets.py::TestSweetRetrieval::test_get_all_sweets_empty_database PASSED [ 76%]
tests/test_sweets.py::TestSweetRetrieval::test_pagination_with_limit PASSED [ 77%]
tests/test_sweets.py::TestSweetRetrieval::test_pagination_with_skip PASSED [ 78%]
tests/test_sweets.py::TestSweetSearch::test_search_by_name_partial_match PASSED [ 80%]
tests/test_sweets.py::TestSweetSearch::test_search_by_category PASSED    [ 81%]
tests/test_sweets.py::TestSweetSearch::test_search_by_price_range PASSED [ 82%]
tests/test_sweets.py::TestSweetSearch::test_search_by_min_price_only PASSED [ 84%]
tests/test_sweets.py::TestSweetSearch::test_search_by_max_price_only PASSED [ 85%]
tests/test_sweets.py::TestSweetSearch::test_search_combined_filters PASSED [ 86%]
tests/test_sweets.py::TestSweetSearch::test_search_no_results PASSED     [ 88%]
tests/test_sweets.py::TestSweetSearch::test_search_case_insensitive PASSED [ 89%]
tests/test_sweets.py::TestSweetUpdate::test_update_sweet_as_admin PASSED [ 90%]
tests/test_sweets.py::TestSweetUpdate::test_update_sweet_as_regular_user_fails PASSED [ 92%]
tests/test_sweets.py::TestSweetUpdate::test_update_nonexistent_sweet PASSED [ 93%]
tests/test_sweets.py::TestSweetUpdate::test_update_sweet_partial_fields PASSED [ 94%]
tests/test_sweets.py::TestSweetDeletion::test_delete_sweet_as_admin PASSED [ 96%]
tests/test_sweets.py::TestSweetDeletion::test_delete_sweet_as_regular_user_fails PASSED [ 97%]
tests/test_sweets.py::TestSweetDeletion::test_delete_nonexistent_sweet PASSED [ 98%]
tests/test_sweets.py::TestSweetDeletion::test_delete_sweet_without_authentication PASSED [100%]

================= 76 passed, 747 warnings in 65.54s (0:01:05) =================
